current directory: /home/luna/rottenpotatoes/vendor/bundle/ruby/3.3.0/gems/puma-8.0.2/ext/puma_http11
/usr/bin/ruby3.3 -I/usr/lib/ruby/vendor_ruby extconf.rb
checking for pkg-config for openssl... not found
checking for BIO_read() in -llibcrypto... no
checking for BIO_read() in -lcrypto... no
checking for BIO_read() in -llibeay32... no
** Puma will be compiled without SSL support
creating Makefile

current directory: /home/luna/rottenpotatoes/vendor/bundle/ruby/3.3.0/gems/puma-8.0.2/ext/puma_http11
make DESTDIR\= sitearchdir\=./.gem.20260920-16589-zki3zp sitelibdir\=./.gem.20260920-16589-zki3zp clean

current directory: /home/luna/rottenpotatoes/vendor/bundle/ruby/3.3.0/gems/puma-8.0.2/ext/puma_http11
make DESTDIR\= sitearchdir\=./.gem.20260920-16589-zki3zp sitelibdir\=./.gem.20260920-16589-zki3zp
compiling http11_parser.c
compiling mini_ssl.c
compiling puma_http11.c
linking shared-object puma/puma_http11.so

current directory: /home/luna/rottenpotatoes/vendor/bundle/ruby/3.3.0/gems/puma-8.0.2/ext/puma_http11
make DESTDIR\= sitearchdir\=./.gem.20260920-16589-zki3zp sitelibdir\=./.gem.20260920-16589-zki3zp install
/usr/bin/install -c -m 0755 puma_http11.so ./.gem.20260920-16589-zki3zp/puma

current directory: /home/luna/rottenpotatoes/vendor/bundle/ruby/3.3.0/gems/puma-8.0.2/ext/puma_http11
make DESTDIR\= sitearchdir\=./.gem.20260920-16589-zki3zp sitelibdir\=./.gem.20260920-16589-zki3zp clean
